// Jest Snapshot v1, https://goo.gl/fbAQLP

exports[`config semver 1`] = `
Object {
  "env": Object {
    "browser": true,
    "commonjs": true,
    "es6": true,
    "jest": true,
    "node": true,
  },
  "extends": Array [
    "airbnb",
    "prettier",
    "prettier/flowtype",
    "prettier/react",
  ],
  "rules": Object {
    "import/no-extraneous-dependencies": Array [
      2,
      Object {
        "devDependencies": Array [
          "test/**",
          "tests/**",
          "spec/**",
          "**/__tests__/**",
          "**/__mocks__/**",
          "test.{js,jsx}",
          "test-*.{js,jsx}",
          "**/*{.,_}{test,spec}.{js,jsx}",
          "**/jest.config.js",
          "**/vue.config.js",
          "**/webpack.config.js",
          "**/webpack.config.*.js",
          "**/rollup.config.js",
          "**/rollup.config.*.js",
          "**/gulpfile.js",
          "**/gulpfile.*.js",
          "**/Gruntfile{,.js}",
          "**/protractor.conf.js",
          "**/protractor.conf.*.js",
          "**/dangerfile.js",
        ],
        "optionalDependencies": false,
      },
    ],
    "jsx-a11y/label-has-associated-control": Array [
      0,
    ],
    "jsx-a11y/label-has-for": Array [
      0,
    ],
    "no-param-reassign": Array [
      2,
      Object {
        "props": false,
      },
    ],
    "no-warning-comments": Array [
      1,
      Object {
        "location": "start",
        "terms": Array [
          "todo",
          "fixme",
          "xxx",
        ],
      },
    ],
    "react/forbid-prop-types": Array [
      2,
      Object {
        "forbid": Array [
          "any",
        ],
      },
    ],
    "react/jsx-filename-extension": Array [
      2,
      Object {
        "extensions": Array [
          ".js",
        ],
      },
    ],
    "react/jsx-no-bind": Array [
      0,
    ],
  },
}
`;
